---
source: markup_fmt/tests/fmt.rs
---
<div>
  {{ x }}
  {{ x }}
  {{ x }}
</div>

<span>{{
  xxxxxxxxxxxxxxxxxxxxxxxxxxxxxxxxxxxxxxxxxxxxxxxxxxxxxxxxxxxxxxxx
}}</span>
