---
source: markup_fmt/tests/fmt.rs
---
<p style={`color: ${color};`}></p>
