---
source: markup_fmt/tests/fmt.rs
---
---
/* https://example.com */
const foo = "bar"
---
<p>Hello world</p>
