---
source: markup_fmt/tests/fmt.rs
---
<div>
  Foo
  <Tag />

  <Tag />
</div>
