---
source: markup_fmt/tests/fmt.rs
---
<CaseSensitive
  CaseSensitive="true"
>hello
  world</CaseSensitive>
