---
source: markup_fmt/tests/fmt.rs
snapshot_kind: text
---
<menu
>
  <li
  >
    <button
      onclick="copy()"
    >
      Copy
    </button
    >
  </li
  >
  <li
  >
    <button
      onclick="cut()"
    >
      Cut
    </button
    >
  </li
  >
  <li
  >
    <button
      onclick="paste()"
    >
      Paste
    </button
    >
  </li
  >
</menu
>
