---
source: markup_fmt/tests/fmt.rs
---
<div>
  {{ x }}
  {{ x }}
  {{ x }}
</div>

<span>{{
  xxxxxxxxxxxxxxxxxxxxxxxxxxxxxxxxxxxxxxxxxxxxxxxxxxxxxxxxxxxxxxxx
}}</span>

<div>
  {{ xxxxxxxxxxxxxxxxxxxxxxxxxxxxxxxxxxxxxxxxxxxxxxxxxxxxxxxxxxxxxxxx }}
</div>

<div>
  xxxxxxxxxxxxxxxxxxxxxxxxxxxxxxxxxxxxxxxxxxxxxxxxxxxxxxxxx {{ ff }}<button
  >Yee</button>
</div>
