---
source: dprint_plugin/tests/integration.rs
---
<html>
  <body>
    <script>
      /* some multi-line comment
			with function below it */
      someFunc();
    </script>
  </body>
</html>
