---
source: dprint_plugin/tests/integration.rs
---
<html lang="en">
  <body>
    <script type="module">
      const data = await (await fetch("./monthly-visits.json")).json();
      const { title, labels, datasets } = data;
      const fmt = new Intl.NumberFormat();

      new frappe.Chart(
        document.getElementById("chart"),
        {
          title,
          type: "bar",
          height: 300,
          data: {
            labels,
            datasets: datasets.map(({ name, values }) => {
              return { name, values, chartType: "bar" };
            }),
          },
        },
      );
      document.title = title;
      document.getElementById("title").innerText = title;
      const details = document.getElementById("details");
      details.innerHTML = `
      ${
        datasets.map(({ name, values }) => `
        <h2>${name}</h2>
        <dl>
        ${
          labels.map((label, index) => `
          <dt>${label}</dt>
          <dd>${fmt.format(values[index])}</dd>
        `).join("")
        }
        </dl>
      `).join("")
      }
    `;
    </script>
  </body>
</html>
