---
source: dprint_plugin/tests/integration.rs
---
<script>
  "{"; // This line cause panic
  `
  `;
</script>

<script>
  `{
}`;
  ``;
</script>

<script>
  {
    `First line
   second line`;
  }
</script>
