---
source: markup_fmt/tests/fmt.rs
---
<div class="{icon.name} rounded-full border {icon.borderColor} {icon.bgColor} p-3 text-3xl {icon.color}">
</div>
