---
source: markup_fmt/tests/fmt.rs
---
<data invalid key="value"></data>
