---
source: markup_fmt/tests/fmt.rs
---
<div class="app"></div>
<div class="app"></div>

<div class="app" id=""></div>
<div
  class="app"
  id=""
>
</div>
