---
source: markup_fmt/tests/fmt.rs
---
<div>
  <label></label>
  <input>
</div>
