---
source: markup_fmt/tests/fmt.rs
---
<template>
  <template>foo</template>
</template>

<template>
  <template
  >foooooooooooooooooooooooooooooooooooooooooooooooooooooooooooooooooo</template>
</template>
