---
source: markup_fmt/tests/fmt.rs
snapshot_kind: text
---
<a href="#" rel="value1 nofollow">Link</a>
<a href="#" rel="value1 nofollow">Link</a>
<a href="#" rel="nofollow">Link</a>

<form rel="noreferrer nofollow" action="/">
  <input type="search" placeholder="search here" />
  <input type="button" value="search" />
</form>

<link rel="meat feed cake" title="foo" />
<link rel="stylesheet" href="/">
<link rel="stylesheet" href="/">
<link REL="stylesheet" type="text/css" />

<link rel="stylesheet" href="/">

<a href="#" rel="value1 nofollow">Link</a>
<form
  rel="
    noreferrer
    nofollow
  "
  action="/"
>
  <input type="search" placeholder="search here" />
  <input type="button" value="search" />
</form>

<div href="#" rel="   value1    nofollow   ">Link</div>
