---
source: markup_fmt/tests/fmt.rs
---
{{^boolean}}={{/boolean}}

{{^bool}}
  * first
{{/bool}}
* {{two}}
{{^bool}}
  * third
{{/bool}}

{{^bool}}B {{^bool}}C{{/bool}} D{{/bool}}
