---
source: markup_fmt/tests/fmt.rs
---
<template>
  <cçš®è‚¤ />
</template>
