---
source: markup_fmt/tests/fmt.rs
---
{
  // Hello
}

{
  // Hey
  // Hello
}

{/*   Hello */}

{
  /*
  	Hello
  */
}
